
[1m[46m RUN [49m[22m [36mv4.0.15 [39m[90m/home/kev/Documentos/GitHub/FIX-AI-NEXT[39m

[90mstderr[2m | src/lib/actions.test.ts[2m > [22m[2mCore Actions CRUD[2m > [22m[2mTicket Actions[2m > [22m[2mupdateTicketStatus should update status
[22m[39m          
        ************************************************************
        *                                                          *
        *  WARNING: Running SQL directly from the browser can have *
        *  security implications. Even if your database is         *
        *  protected by Row-Level Security (RLS), use it at your   *
        *  own risk. This approach is great for fast prototyping,  *
        *  but ensure proper safeguards are in place to prevent    *
        *  misuse or execution of expensive SQL queries by your    *
        *  end users.                                              *
        *                                                          *
        *  If you've assessed the risks, suppress this message     *
        *  using the disableWarningInBrowsers configuration        *
        *  parameter.                                              *
        *                                                          *
        ************************************************************

 [32m✓[39m src/lib/actions.test.ts [2m([22m[2m9 tests[22m[2m)[22m[33m 452[2mms[22m[39m
       [33m[2m✓[22m[39m updateTicketStatus should update status [33m 366[2mms[22m[39m

[2m Test Files [22m [1m[32m1 passed[39m[22m[90m (1)[39m
[2m      Tests [22m [1m[32m9 passed[39m[22m[90m (9)[39m
[2m   Start at [22m 22:43:29
[2m   Duration [22m 1.64s[2m (transform 183ms, setup 0ms, import 466ms, tests 452ms, environment 500ms)[22m

