src/app/dashboard/customers/page.tsx(65,47): error TS1005: '</' expected.
src/app/dashboard/customers/page.tsx(66,1): error TS1185: Merge conflict marker encountered.
src/app/dashboard/customers/page.tsx(68,1): error TS1185: Merge conflict marker encountered.
src/app/dashboard/customers/page.tsx(70,1): error TS1185: Merge conflict marker encountered.
src/app/dashboard/customers/page.tsx(126,9): error TS1128: Declaration or statement expected.
src/app/dashboard/customers/page.tsx(127,7): error TS1109: Expression expected.
src/app/dashboard/customers/page.tsx(128,5): error TS1128: Declaration or statement expected.
src/app/dashboard/customers/page.tsx(129,3): error TS1109: Expression expected.
src/app/dashboard/customers/page.tsx(130,1): error TS1128: Declaration or statement expected.
src/app/dashboard/users/page.tsx(92,43): error TS1005: '</' expected.
src/app/dashboard/users/page.tsx(93,1): error TS1185: Merge conflict marker encountered.
src/app/dashboard/users/page.tsx(95,1): error TS1185: Merge conflict marker encountered.
src/app/dashboard/users/page.tsx(97,1): error TS1185: Merge conflict marker encountered.
src/app/dashboard/users/page.tsx(127,9): error TS1128: Declaration or statement expected.
src/app/dashboard/users/page.tsx(128,7): error TS1109: Expression expected.
src/app/dashboard/users/page.tsx(129,5): error TS1128: Declaration or statement expected.
src/app/dashboard/users/page.tsx(130,3): error TS1109: Expression expected.
src/app/dashboard/users/page.tsx(131,1): error TS1128: Declaration or statement expected.
src/lib/service-template-actions.ts(450,1): error TS1185: Merge conflict marker encountered.
src/lib/service-template-actions.ts(452,1): error TS1185: Merge conflict marker encountered.
src/lib/service-template-actions.ts(454,1): error TS1185: Merge conflict marker encountered.
